Starting a Gradle Daemon, 1 busy and 5 stopped Daemons could not be reused, use --status for details
WARNING: We recommend using a newer Android Gradle plugin to use compileSdk = 36

This Android Gradle plugin (8.6.0) was tested up to compileSdk = 35.

You are strongly encouraged to update your project to use a newer
Android Gradle plugin that has been tested with compileSdk = 36.

If you are already using the latest version of the Android Gradle plugin,
you may need to wait until a newer version with support for compileSdk = 36 is available.

For more information refer to the compatibility table:
https://d.android.com/r/tools/api-level-support

To suppress this warning, add/update
    android.suppressUnsupportedCompileSdk=36
to this project's gradle.properties.
> Task :app:clean
> Task :app:preBuild UP-TO-DATE
> Task :app:preDebugBuild UP-TO-DATE
> Task :app:mergeDebugNativeDebugMetadata NO-SOURCE
> Task :app:checkKotlinGradlePluginConfigurationErrors
> Task :app:generateDebugBuildConfig
> Task :app:generateDebugResValues
> Task :app:checkDebugAarMetadata
> Task :app:mapDebugSourceSetPaths
> Task :app:generateDebugResources
> Task :app:packageDebugResources
> Task :app:createDebugCompatibleScreenManifests
> Task :app:extractDeepLinksDebug
> Task :app:parseDebugLocalResources
> Task :app:mergeDebugResources
> Task :app:processDebugMainManifest
> Task :app:processDebugManifest
> Task :app:mergeDebugShaders
> Task :app:javaPreCompileDebug
> Task :app:compileDebugShaders NO-SOURCE
> Task :app:generateDebugAssets UP-TO-DATE
> Task :app:mergeDebugAssets
> Task :app:desugarDebugFileDependencies
> Task :app:compressDebugAssets
> Task :app:mergeDebugJniLibFolders
> Task :app:checkDebugDuplicateClasses
> Task :app:mergeDebugNativeLibs
> Task :app:processDebugManifestForPackage
> Task :app:mergeExtDexDebug
> Task :app:mergeLibDexDebug

> Task :app:stripDebugDebugSymbols
Unable to strip the following libraries, packaging them as they are: libandroidx.graphics.path.so, libdatastore_shared_counter.so, libsqlcipher.so.

> Task :app:validateSigningDebug
> Task :app:writeDebugAppMetadata
> Task :app:writeDebugSigningConfigVersions
> Task :app:processDebugResources
> Task :app:kspDebugKotlin
e: [ksp] [Hilt] Class java.lang.Object is not annotated with @AssistedFactory.
[1;31m[Hilt] Processing did not complete. See error above for details.[0m
e: [ksp] [Hilt] Class java.lang.Object is not annotated with @AssistedFactory.
[1;31m[Hilt] Processing did not complete. See error above for details.[0m
e: [ksp] [Hilt] Class java.lang.Object is not annotated with @AssistedFactory.
[1;31m[Hilt] Processing did not complete. See error above for details.[0m
e: [ksp] [Hilt] Class java.lang.Object is not annotated with @AssistedFactory.
[1;31m[Hilt] Processing did not complete. See error above for details.[0m
e: [ksp] [Hilt] Class java.lang.Object is not annotated with @AssistedFactory.
[1;31m[Hilt] Processing did not complete. See error above for details.[0m
e: [ksp] [Hilt] Class java.lang.Object is not annotated with @AssistedFactory.
[1;31m[Hilt] Processing did not complete. See error above for details.[0m
e: [ksp] [MissingType]: Element 'com.raithabharosahub.data.local.dao.FarmerDao' references a type that is not present
e: [ksp] [MissingType]: Element 'com.raithabharosahub.data.local.dao.PlotDao' references a type that is not present
e: [ksp] [MissingType]: Element 'com.raithabharosahub.data.local.dao.WeatherDao' references a type that is not present
e: [ksp] [MissingType]: Element 'com.raithabharosahub.data.local.dao.NpkDao' references a type that is not present
e: [ksp] [MissingType]: Element 'com.raithabharosahub.data.local.dao.SeasonDao' references a type that is not present
e: [ksp] [Hilt] Expected @AndroidEntryPoint to have a value. Did you forget to apply the Gradle Plugin? (com.google.dagger.hilt.android)
See https://dagger.dev/hilt/gradle-setup.html
[1;31m[Hilt] Processing did not complete. See error above for details.[0m
e: [ksp] [Hilt] Expected @HiltAndroidApp to have a value. Did you forget to apply the Gradle Plugin? (com.google.dagger.hilt.android)
See https://dagger.dev/hilt/gradle-setup.html
[1;31m[Hilt] Processing did not complete. See error above for details.[0m
e: [ksp] ModuleProcessingStep was unable to process 'com.raithabharosahub.di.AppModule' because '<error>' could not be resolved.

Dependency trace:
    => element (OBJECT): com.raithabharosahub.di.AppModule
    => annotation type: dagger.Module
    => annotation: @dagger.Module(includes={<error>}, subcomponents={<error>})
    => annotation value (TYPE_ARRAY): includes={<error>}
    => annotation value (TYPE): includes=<error>

If type '<error>' is a generated type, check above for compilation errors that may have prevented the type from being generated. Otherwise, ensure that type '<error>' is on your classpath.
e: [ksp] ModuleProcessingStep was unable to process 'com.raithabharosahub.di.DatabaseModule' because '<error>' could not be resolved.

Dependency trace:
    => element (OBJECT): com.raithabharosahub.di.DatabaseModule
    => annotation type: dagger.Module
    => annotation: @dagger.Module(includes={<error>}, subcomponents={<error>})
    => annotation value (TYPE_ARRAY): includes={<error>}
    => annotation value (TYPE): includes=<error>

If type '<error>' is a generated type, check above for compilation errors that may have prevented the type from being generated. Otherwise, ensure that type '<error>' is on your classpath.
e: [ksp] ModuleProcessingStep was unable to process 'com.raithabharosahub.di.NetworkModule' because '<error>' could not be resolved.

Dependency trace:
    => element (OBJECT): com.raithabharosahub.di.NetworkModule
    => annotation type: dagger.Module
    => annotation: @dagger.Module(includes={<error>}, subcomponents={<error>})
    => annotation value (TYPE_ARRAY): includes={<error>}
    => annotation value (TYPE): includes=<error>

If type '<error>' is a generated type, check above for compilation errors that may have prevented the type from being generated. Otherwise, ensure that type '<error>' is on your classpath.
e: [ksp] BindingMethodProcessingStep was unable to process 'provideApplicationContext(android.content.Context)' because '<error>' could not be resolved.

Dependency trace:
    => element (OBJECT): com.raithabharosahub.di.AppModule
    => annotation type: dagger.Module
    => annotation: @dagger.Module(includes={<error>}, subcomponents={<error>})
    => annotation value (TYPE_ARRAY): includes={<error>}
    => annotation value (TYPE): includes=<error>

If type '<error>' is a generated type, check above for compilation errors that may have prevented the type from being generated. Otherwise, ensure that type '<error>' is on your classpath.
e: [ksp] BindingMethodProcessingStep was unable to process 'provideDataStore(android.content.Context)' because '<error>' could not be resolved.

Dependency trace:
    => element (OBJECT): com.raithabharosahub.di.AppModule
    => annotation type: dagger.Module
    => annotation: @dagger.Module(includes={<error>}, subcomponents={<error>})
    => annotation value (TYPE_ARRAY): includes={<error>}
    => annotation value (TYPE): includes=<error>

If type '<error>' is a generated type, check above for compilation errors that may have prevented the type from being generated. Otherwise, ensure that type '<error>' is on your classpath.
e: [ksp] BindingMethodProcessingStep was unable to process 'provideSowingIndexCalculator()' because '<error>' could not be resolved.

Dependency trace:
    => element (OBJECT): com.raithabharosahub.di.AppModule
    => annotation type: dagger.Module
    => annotation: @dagger.Module(includes={<error>}, subcomponents={<error>})
    => annotation value (TYPE_ARRAY): includes={<error>}
    => annotation value (TYPE): includes=<error>

If type '<error>' is a generated type, check above for compilation errors that may have prevented the type from being generated. Otherwise, ensure that type '<error>' is on your classpath.
e: [ksp] BindingMethodProcessingStep was unable to process 'provideWorkManager(android.content.Context)' because '<error>' could not be resolved.

Dependency trace:
    => element (OBJECT): com.raithabharosahub.di.AppModule
    => annotation type: dagger.Module
    => annotation: @dagger.Module(includes={<error>}, subcomponents={<error>})
    => annotation value (TYPE_ARRAY): includes={<error>}
    => annotation value (TYPE): includes=<error>

If type '<error>' is a generated type, check above for compilation errors that may have prevented the type from being generated. Otherwise, ensure that type '<error>' is on your classpath.
e: [ksp] BindingMethodProcessingStep was unable to process 'provideEncryptionPassphrase()' because '<error>' could not be resolved.

Dependency trace:
    => element (OBJECT): com.raithabharosahub.di.DatabaseModule
    => annotation type: dagger.Module
    => annotation: @dagger.Module(includes={<error>}, subcomponents={<error>})
    => annotation value (TYPE_ARRAY): includes={<error>}
    => annotation value (TYPE): includes=<error>

If type '<error>' is a generated type, check above for compilation errors that may have prevented the type from being generated. Otherwise, ensure that type '<error>' is on your classpath.
e: [ksp] BindingMethodProcessingStep was unable to process 'provideSupportFactory(java.lang.String)' because '<error>' could not be resolved.

Dependency trace:
    => element (OBJECT): com.raithabharosahub.di.DatabaseModule
    => annotation type: dagger.Module
    => annotation: @dagger.Module(includes={<error>}, subcomponents={<error>})
    => annotation value (TYPE_ARRAY): includes={<error>}
    => annotation value (TYPE): includes=<error>

If type '<error>' is a generated type, check above for compilation errors that may have prevented the type from being generated. Otherwise, ensure that type '<error>' is on your classpath.
e: [ksp] BindingMethodProcessingStep was unable to process 'provideAppDatabase(android.content.Context,net.sqlcipher.database.SupportFactory)' because '<error>' could not be resolved.

Dependency trace:
    => element (OBJECT): com.raithabharosahub.di.DatabaseModule
    => annotation type: dagger.Module
    => annotation: @dagger.Module(includes={<error>}, subcomponents={<error>})
    => annotation value (TYPE_ARRAY): includes={<error>}
    => annotation value (TYPE): includes=<error>

If type '<error>' is a generated type, check above for compilation errors that may have prevented the type from being generated. Otherwise, ensure that type '<error>' is on your classpath.
e: [ksp] BindingMethodProcessingStep was unable to process 'provideFarmerDao(com.raithabharosahub.data.local.AppDatabase)' because '<error>' could not be resolved.

Dependency trace:
    => element (OBJECT): com.raithabharosahub.di.DatabaseModule
    => annotation type: dagger.Module
    => annotation: @dagger.Module(includes={<error>}, subcomponents={<error>})
    => annotation value (TYPE_ARRAY): includes={<error>}
    => annotation value (TYPE): includes=<error>

If type '<error>' is a generated type, check above for compilation errors that may have prevented the type from being generated. Otherwise, ensure that type '<error>' is on your classpath.
e: [ksp] BindingMethodProcessingStep was unable to process 'providePlotDao(com.raithabharosahub.data.local.AppDatabase)' because '<error>' could not be resolved.

Dependency trace:
    => element (OBJECT): com.raithabharosahub.di.DatabaseModule
    => annotation type: dagger.Module
    => annotation: @dagger.Module(includes={<error>}, subcomponents={<error>})
    => annotation value (TYPE_ARRAY): includes={<error>}
    => annotation value (TYPE): includes=<error>

If type '<error>' is a generated type, check above for compilation errors that may have prevented the type from being generated. Otherwise, ensure that type '<error>' is on your classpath.
e: [ksp] BindingMethodProcessingStep was unable to process 'provideWeatherDao(com.raithabharosahub.data.local.AppDatabase)' because '<error>' could not be resolved.

Dependency trace:
    => element (OBJECT): com.raithabharosahub.di.DatabaseModule
    => annotation type: dagger.Module
    => annotation: @dagger.Module(includes={<error>}, subcomponents={<error>})
    => annotation value (TYPE_ARRAY): includes={<error>}
    => annotation value (TYPE): includes=<error>

If type '<error>' is a generated type, check above for compilation errors that may have prevented the type from being generated. Otherwise, ensure that type '<error>' is on your classpath.
e: [ksp] BindingMethodProcessingStep was unable to process 'provideNpkDao(com.raithabharosahub.data.local.AppDatabase)' because '<error>' could not be resolved.

Dependency trace:
    => element (OBJECT): com.raithabharosahub.di.DatabaseModule
    => annotation type: dagger.Module
    => annotation: @dagger.Module(includes={<error>}, subcomponents={<error>})
    => annotation value (TYPE_ARRAY): includes={<error>}
    => annotation value (TYPE): includes=<error>

If type '<error>' is a generated type, check above for compilation errors that may have prevented the type from being generated. Otherwise, ensure that type '<error>' is on your classpath.
e: [ksp] BindingMethodProcessingStep was unable to process 'provideSeasonDao(com.raithabharosahub.data.local.AppDatabase)' because '<error>' could not be resolved.

Dependency trace:
    => element (OBJECT): com.raithabharosahub.di.DatabaseModule
    => annotation type: dagger.Module
    => annotation: @dagger.Module(includes={<error>}, subcomponents={<error>})
    => annotation value (TYPE_ARRAY): includes={<error>}
    => annotation value (TYPE): includes=<error>

If type '<error>' is a generated type, check above for compilation errors that may have prevented the type from being generated. Otherwise, ensure that type '<error>' is on your classpath.
e: [ksp] BindingMethodProcessingStep was unable to process 'provideOpenWeatherApiKey()' because '<error>' could not be resolved.

Dependency trace:
    => element (OBJECT): com.raithabharosahub.di.NetworkModule
    => annotation type: dagger.Module
    => annotation: @dagger.Module(includes={<error>}, subcomponents={<error>})
    => annotation value (TYPE_ARRAY): includes={<error>}
    => annotation value (TYPE): includes=<error>

If type '<error>' is a generated type, check above for compilation errors that may have prevented the type from being generated. Otherwise, ensure that type '<error>' is on your classpath.
e: [ksp] BindingMethodProcessingStep was unable to process 'provideOpenWeatherApiKeyInterceptor(java.lang.String)' because '<error>' could not be resolved.

Dependency trace:
    => element (OBJECT): com.raithabharosahub.di.NetworkModule
    => annotation type: dagger.Module
    => annotation: @dagger.Module(includes={<error>}, subcomponents={<error>})
    => annotation value (TYPE_ARRAY): includes={<error>}
    => annotation value (TYPE): includes=<error>

If type '<error>' is a generated type, check above for compilation errors that may have prevented the type from being generated. Otherwise, ensure that type '<error>' is on your classpath.
e: [ksp] BindingMethodProcessingStep was unable to process 'provideOkHttpClient(okhttp3.Interceptor)' because '<error>' could not be resolved.

Dependency trace:
    => element (OBJECT): com.raithabharosahub.di.NetworkModule
    => annotation type: dagger.Module
    => annotation: @dagger.Module(includes={<error>}, subcomponents={<error>})
    => annotation value (TYPE_ARRAY): includes={<error>}
    => annotation value (TYPE): includes=<error>

If type '<error>' is a generated type, check above for compilation errors that may have prevented the type from being generated. Otherwise, ensure that type '<error>' is on your classpath.
e: [ksp] BindingMethodProcessingStep was unable to process 'provideMoshi()' because '<error>' could not be resolved.

Dependency trace:
    => element (OBJECT): com.raithabharosahub.di.NetworkModule
    => annotation type: dagger.Module
    => annotation: @dagger.Module(includes={<error>}, subcomponents={<error>})
    => annotation value (TYPE_ARRAY): includes={<error>}
    => annotation value (TYPE): includes=<error>

If type '<error>' is a generated type, check above for compilation errors that may have prevented the type from being generated. Otherwise, ensure that type '<error>' is on your classpath.
e: [ksp] BindingMethodProcessingStep was unable to process 'provideRetrofit(okhttp3.OkHttpClient,com.squareup.moshi.Moshi)' because '<error>' could not be resolved.

Dependency trace:
    => element (OBJECT): com.raithabharosahub.di.NetworkModule
    => annotation type: dagger.Module
    => annotation: @dagger.Module(includes={<error>}, subcomponents={<error>})
    => annotation value (TYPE_ARRAY): includes={<error>}
    => annotation value (TYPE): includes=<error>

If type '<error>' is a generated type, check above for compilation errors that may have prevented the type from being generated. Otherwise, ensure that type '<error>' is on your classpath.
e: [ksp] BindingMethodProcessingStep was unable to process 'provideWeatherApiService(retrofit2.Retrofit)' because '<error>' could not be resolved.

Dependency trace:
    => element (OBJECT): com.raithabharosahub.di.NetworkModule
    => annotation type: dagger.Module
    => annotation: @dagger.Module(includes={<error>}, subcomponents={<error>})
    => annotation value (TYPE_ARRAY): includes={<error>}
    => annotation value (TYPE): includes=<error>

If type '<error>' is a generated type, check above for compilation errors that may have prevented the type from being generated. Otherwise, ensure that type '<error>' is on your classpath.

> Task :app:kspDebugKotlin FAILED
31 actionable tasks: 31 executed
./gradlew : 
At line:1 char:1
+ ./gradlew clean assembleDebug 2>&1 | tee build_output.txt
+ ~~~~~~~~~~~~~~~~~~~~~~~~~~~~~~~~~~
    + CategoryInfo          : NotSpecified: (:String) [], RemoteException
    + FullyQualifiedErrorId : NativeCommandError
 
FAILURE: Build failed with an exception.

* What went wrong:
Execution failed for task ':app:kspDebugKotlin'.
> A failure occurred while executing 
com.google.devtools.ksp.gradle.KspAAWorkerAction
   > KSP failed with exit code: PROCESSING_ERROR

* Try:
> Run with --stacktrace option to get the stack trace.
> Run with --info or --debug option to get more log output.
> Run with --scan to get full insights.
> Get more help at https://help.gradle.org.

BUILD FAILED in 3m 8s
